apiVersion: v1
kind: Secret
metadata:
  annotations:
    source: https://github.com/projectsyn/component-prometheus
  labels:
    app.kubernetes.io/managed-by: commodore
    app.kubernetes.io/part-of: syn
    name: ocp-metric-client-certs-default-instance
  name: ocp-metric-client-certs-default-instance
  namespace: syn-prometheus
type: Opaque
