apiVersion: rbac.authorization.k8s.io/v1
kind: ClusterRoleBinding
metadata:
  annotations:
    source: https://github.com/projectsyn/component-prometheus
  labels:
    app.kubernetes.io/managed-by: commodore
    app.kubernetes.io/part-of: syn
    name: syn-resource-locker-copy-metric-certs-manager
  name: syn-resource-locker-copy-metric-certs-manager
roleRef:
  apiGroup: rbac.authorization.k8s.io
  kind: ClusterRole
  name: syn-resource-locker-copy-metric-certs-manager
subjects:
  - kind: ServiceAccount
    name: copy-metric-certs-manager
    namespace: syn-resource-locker
