apiVersion: monitoring.coreos.com/v1
kind: ServiceMonitor
metadata:
  annotations:
    source: https://github.com/projectsyn/component-prometheus
  labels:
    app.kubernetes.io/managed-by: commodore
    app.kubernetes.io/name: coredns
    app.kubernetes.io/part-of: kube-prometheus
  name: coredns
  namespace: syn-prometheus
spec:
  endpoints:
    - bearerTokenFile: /var/run/secrets/kubernetes.io/serviceaccount/token
      interval: 15s
      metricRelabelings:
        - action: drop
          regex: coredns_cache_misses_total
          sourceLabels:
            - __name__
      port: metrics
      scheme: https
      tlsConfig:
        insecureSkipVerify: true
  namespaceSelector:
    matchNames:
      - openshift-dns
  selector: {}
