apiVersion: v1
kind: Secret
metadata:
  annotations:
    source: https://github.com/projectsyn/component-prometheus
  labels:
    app.kubernetes.io/component: alert-router
    app.kubernetes.io/instance: alertmanager-default-instance
    app.kubernetes.io/managed-by: commodore
    app.kubernetes.io/name: alertmanager
    app.kubernetes.io/part-of: kube-prometheus
    app.kubernetes.io/version: 0.23.0
  name: alertmanager-alertmanager-default-instance
  namespace: syn-prometheus
stringData:
  alertmanager.yaml: "\"global\":\n  \"resolve_timeout\": \"5m\"\n\"inhibit_rules\"\
    :\n- \"equal\":\n  - \"namespace\"\n  - \"alertname\"\n  \"source_matchers\":\n\
    \  - \"severity = critical\"\n  \"target_matchers\":\n  - \"severity =~ warning|info\"\
    \n- \"equal\":\n  - \"namespace\"\n  - \"alertname\"\n  \"source_matchers\":\n\
    \  - \"severity = warning\"\n  \"target_matchers\":\n  - \"severity = info\"\n\
    \"receivers\":\n- \"name\": \"Default\"\n- \"name\": \"Watchdog\"\n- \"name\"\
    : \"Critical\"\n\"route\":\n  \"group_by\":\n  - \"namespace\"\n  \"group_interval\"\
    : \"5m\"\n  \"group_wait\": \"30s\"\n  \"receiver\": \"Default\"\n  \"repeat_interval\"\
    : \"12h\"\n  \"routes\":\n  - \"matchers\":\n    - \"alertname = Watchdog\"\n\
    \    \"receiver\": \"Watchdog\"\n  - \"matchers\":\n    - \"severity = critical\"\
    \n    \"receiver\": \"Critical\""
type: Opaque
