apiVersion: v1
data: {}
kind: Secret
metadata:
  annotations:
    source: https://github.com/projectsyn/component-prometheus
  labels:
    app.kubernetes.io/managed-by: commodore
    app.kubernetes.io/part-of: syn
    name: thanos-objstore-config-2
  name: thanos-objstore-config-2
  namespace: foo-bar
stringData:
  thanos: |
    type: s3
    config:
      bucket: thanos2
      endpoint: s4.example.com
      access_key: XXX
      secret_key: XXX
type: Opaque
