apiVersion: v1
kind: Namespace
metadata:
  annotations: {}
  labels:
    SYNMonitoring: main
    name: syn-kube-prometheus
  name: syn-kube-prometheus
