apiVersion: monitoring.coreos.com/v1
kind: Alertmanager
metadata:
  annotations:
    source: https://github.com/projectsyn/component-prometheus
  labels:
    alertmanager: alertmanager-default-instance
    app.kubernetes.io/component: alert-router
    app.kubernetes.io/managed-by: commodore
    app.kubernetes.io/name: alertmanager
    app.kubernetes.io/part-of: kube-prometheus
    app.kubernetes.io/version: 0.22.2
  name: alertmanager-default-instance
  namespace: syn-prometheus
spec:
  image: quay-io.proxy.com/prometheus/alertmanager:v0.22.2
  nodeSelector:
    kubernetes.io/os: linux
  podMetadata:
    labels:
      app.kubernetes.io/component: alert-router
      app.kubernetes.io/name: alertmanager
      app.kubernetes.io/part-of: kube-prometheus
      app.kubernetes.io/version: 0.22.2
  replicas: 3
  resources:
    limits:
      cpu: 100m
      memory: 100Mi
    requests:
      cpu: 4m
      memory: 100Mi
  securityContext:
    fsGroup: 2000
    runAsNonRoot: true
    runAsUser: 1000
  serviceAccountName: alertmanager-alertmanager-default-instance
  version: 0.22.2
