apiVersion: monitoring.coreos.com/v1
kind: Prometheus
metadata:
  annotations:
    source: https://github.com/projectsyn/component-prometheus
  labels:
    app.kubernetes.io/component: prometheus
    app.kubernetes.io/managed-by: commodore
    app.kubernetes.io/name: prometheus
    app.kubernetes.io/part-of: kube-prometheus
    app.kubernetes.io/version: 2.29.1
    prometheus: other-instance
  name: other-instance
  namespace: syn-prometheus
spec:
  alerting:
    alertmanagers:
      - apiVersion: v2
        name: alertmanager-alertmanager-other-instance
        namespace: syn-prometheus
        port: web
  enableFeatures: []
  externalLabels: {}
  image: quay.io/prometheus/prometheus:v2.29.1
  nodeSelector:
    kubernetes.io/os: linux
  podMetadata:
    labels:
      app.kubernetes.io/component: prometheus
      app.kubernetes.io/name: prometheus
      app.kubernetes.io/part-of: kube-prometheus
      app.kubernetes.io/version: 2.29.1
  podMonitorNamespaceSelector: {}
  podMonitorSelector: {}
  probeNamespaceSelector: {}
  probeSelector: {}
  replicas: 2
  resources:
    requests:
      memory: 400Mi
  ruleNamespaceSelector: {}
  ruleSelector: {}
  securityContext:
    fsGroup: 2000
    runAsNonRoot: true
    runAsUser: 1000
  serviceAccountName: prometheus-other-instance
  serviceMonitorNamespaceSelector: {}
  serviceMonitorSelector: {}
  version: 2.29.1
