apiVersion: rbac.authorization.k8s.io/v1
kind: ClusterRoleBinding
metadata:
  annotations:
    source: https://github.com/projectsyn/component-prometheus
  labels:
    app.kubernetes.io/component: exporter
    app.kubernetes.io/managed-by: commodore
    app.kubernetes.io/name: kubestatemetrics-other-instance
    app.kubernetes.io/part-of: kube-prometheus
    app.kubernetes.io/version: 2.1.1
  name: kubestatemetrics-other-instance
roleRef:
  apiGroup: rbac.authorization.k8s.io
  kind: ClusterRole
  name: kubestatemetrics-other-instance
subjects:
  - kind: ServiceAccount
    name: kubestatemetrics-other-instance
    namespace: syn-prometheus
