apiVersion: rbac.authorization.k8s.io/v1
kind: ClusterRoleBinding
metadata:
  annotations:
    source: https://github.com/projectsyn/component-syn-kube-prometheus
  labels:
    app.kubernetes.io/component: controller
    app.kubernetes.io/managed-by: commodore
    app.kubernetes.io/name: prometheus-operator
    app.kubernetes.io/part-of: syn
    app.kubernetes.io/version: 0.47.0
  name: prometheus-operator
roleRef:
  apiGroup: rbac.authorization.k8s.io
  kind: ClusterRole
  name: prometheus-operator
subjects:
  - kind: ServiceAccount
    name: prometheus-operator
    namespace: syn-prometheus-operator
