apiVersion: monitoring.coreos.com/v1
kind: ServiceMonitor
metadata:
  labels:
    app.kubernetes.io/component: prometheus
    app.kubernetes.io/name: prometheus
    app.kubernetes.io/part-of: kube-prometheus
    app.kubernetes.io/version: 2.26.0
  name: prometheus-prometheus-syn-kube-prometheus
  namespace: syn-kube-prometheus
spec:
  endpoints:
    - interval: 30s
      port: web
  selector:
    matchLabels:
      app.kubernetes.io/component: prometheus
      app.kubernetes.io/name: prometheus
      app.kubernetes.io/part-of: kube-prometheus
      prometheus: prometheus-syn-kube-prometheus
