apiVersion: rbac.authorization.k8s.io/v1
kind: Role
metadata:
  name: grafana
  namespace: syn-kube-prometheus
rules:
  - apiGroups:
      - policy
    resourceNames:
      - kube-prometheus-restricted
    resources:
      - podsecuritypolicies
    verbs:
      - use
