apiVersion: v1
kind: ServiceAccount
metadata:
  name: grafana
  namespace: syn-kube-prometheus
