apiVersion: v1
kind: ServiceAccount
metadata:
  annotations:
    source: https://github.com/projectsyn/component-syn-kube-prometheus
  labels:
    app.kubernetes.io/component: exporter
    app.kubernetes.io/managed-by: commodore
    app.kubernetes.io/name: nodeexporter-syn-kube-prometheus
    app.kubernetes.io/part-of: syn
    app.kubernetes.io/version: 1.1.2
  name: nodeexporter-syn-kube-prometheus
  namespace: syn-kube-prometheus
