apiVersion: policy/v1beta1
kind: PodDisruptionBudget
metadata:
  annotations:
    source: https://github.com/projectsyn/component-syn-kube-prometheus
  labels:
    app.kubernetes.io/component: metrics-adapter
    app.kubernetes.io/managed-by: commodore
    app.kubernetes.io/name: prometheus-adapter
    app.kubernetes.io/part-of: kube-prometheus
    app.kubernetes.io/version: 0.8.4
  name: prometheusadapter-default-instance
  namespace: syn-prometheus
spec:
  minAvailable: 1
  selector:
    matchLabels:
      app.kubernetes.io/component: metrics-adapter
      app.kubernetes.io/name: prometheus-adapter
      app.kubernetes.io/part-of: kube-prometheus
