apiVersion: v1
kind: Service
metadata:
  annotations:
    source: https://github.com/projectsyn/component-syn-kube-prometheus
  labels:
    app.kubernetes.io/component: metrics-adapter
    app.kubernetes.io/managed-by: commodore
    app.kubernetes.io/name: prometheus-adapter
    app.kubernetes.io/part-of: syn
    app.kubernetes.io/version: 0.8.4
  name: prometheusadapter-syn-kube-prometheus
  namespace: syn-kube-prometheus
spec:
  ports:
    - name: https
      port: 443
      targetPort: 6443
  selector:
    app.kubernetes.io/component: metrics-adapter
    app.kubernetes.io/name: prometheus-adapter
    app.kubernetes.io/part-of: kube-prometheus
