apiVersion: v1
kind: ServiceAccount
metadata:
  labels:
    app.kubernetes.io/component: exporter
    app.kubernetes.io/name: kubestatemetrics-syn-kube-prometheus
    app.kubernetes.io/part-of: kube-prometheus
    app.kubernetes.io/version: 2.0.0
  name: kubestatemetrics-syn-kube-prometheus
  namespace: syn-kube-prometheus
