apiVersion: v1
kind: ServiceAccount
metadata:
  labels:
    app.kubernetes.io/component: controller
    app.kubernetes.io/name: prometheusoperator-syn-kube-prometheus
    app.kubernetes.io/part-of: kube-prometheus
    app.kubernetes.io/version: 0.49.0
  name: prometheusoperator-syn-kube-prometheus
  namespace: syn-kube-prometheus
