apiVersion: rbac.authorization.k8s.io/v1
kind: ClusterRole
metadata:
  annotations:
    source: https://github.com/projectsyn/component-syn-kube-prometheus
  labels:
    app.kubernetes.io/component: prometheus
    app.kubernetes.io/managed-by: commodore
    app.kubernetes.io/name: prometheus
    app.kubernetes.io/part-of: syn
    app.kubernetes.io/version: 2.29.1
  name: prometheus-prometheus-syn-kube-prometheus
rules:
  - apiGroups:
      - ''
    resources:
      - nodes/metrics
    verbs:
      - get
  - nonResourceURLs:
      - /metrics
    verbs:
      - get
  - apiGroups:
      - policy
    resourceNames:
      - kube-prometheus-restricted
    resources:
      - podsecuritypolicies
    verbs:
      - use
