apiVersion: rbac.authorization.k8s.io/v1
items:
  - apiVersion: rbac.authorization.k8s.io/v1
    kind: RoleBinding
    metadata:
      labels:
        app.kubernetes.io/component: prometheus
        app.kubernetes.io/name: prometheus
        app.kubernetes.io/part-of: kube-prometheus
        app.kubernetes.io/version: 2.29.1
      name: prometheus-prometheus-syn-kube-prometheus
      namespace: default
    roleRef:
      apiGroup: rbac.authorization.k8s.io
      kind: Role
      name: prometheus-prometheus-syn-kube-prometheus
    subjects:
      - kind: ServiceAccount
        name: prometheus-prometheus-syn-kube-prometheus
        namespace: syn-kube-prometheus
  - apiVersion: rbac.authorization.k8s.io/v1
    kind: RoleBinding
    metadata:
      labels:
        app.kubernetes.io/component: prometheus
        app.kubernetes.io/name: prometheus
        app.kubernetes.io/part-of: kube-prometheus
        app.kubernetes.io/version: 2.29.1
      name: prometheus-prometheus-syn-kube-prometheus
      namespace: kube-system
    roleRef:
      apiGroup: rbac.authorization.k8s.io
      kind: Role
      name: prometheus-prometheus-syn-kube-prometheus
    subjects:
      - kind: ServiceAccount
        name: prometheus-prometheus-syn-kube-prometheus
        namespace: syn-kube-prometheus
  - apiVersion: rbac.authorization.k8s.io/v1
    kind: RoleBinding
    metadata:
      labels:
        app.kubernetes.io/component: prometheus
        app.kubernetes.io/name: prometheus
        app.kubernetes.io/part-of: kube-prometheus
        app.kubernetes.io/version: 2.29.1
      name: prometheus-prometheus-syn-kube-prometheus
      namespace: syn-kube-prometheus
    roleRef:
      apiGroup: rbac.authorization.k8s.io
      kind: Role
      name: prometheus-prometheus-syn-kube-prometheus
    subjects:
      - kind: ServiceAccount
        name: prometheus-prometheus-syn-kube-prometheus
        namespace: syn-kube-prometheus
kind: RoleBindingList
metadata:
  annotations:
    source: https://github.com/projectsyn/component-syn-kube-prometheus
  labels:
    app.kubernetes.io/managed-by: commodore
    app.kubernetes.io/part-of: syn
