apiVersion: monitoring.coreos.com/v1
kind: ServiceMonitor
metadata:
  annotations:
    source: https://github.com/projectsyn/component-syn-kube-prometheus
  labels:
    app.kubernetes.io/component: alert-router
    app.kubernetes.io/managed-by: commodore
    app.kubernetes.io/name: alertmanager
    app.kubernetes.io/part-of: kube-prometheus
    app.kubernetes.io/version: 0.22.2
  name: alertmanager
  namespace: syn-prometheus
spec:
  endpoints:
    - interval: 30s
      port: web
  selector:
    matchLabels:
      alertmanager: alertmanager-default-instance
      app.kubernetes.io/component: alert-router
      app.kubernetes.io/name: alertmanager
      app.kubernetes.io/part-of: kube-prometheus
