apiVersion: v1
kind: ServiceAccount
metadata:
  labels:
    alertmanager: alertmanager-syn-kube-prometheus
    app.kubernetes.io/component: alert-router
    app.kubernetes.io/name: alertmanager
    app.kubernetes.io/part-of: kube-prometheus
    app.kubernetes.io/version: 0.22.2
  name: alertmanager-alertmanager-syn-kube-prometheus
  namespace: syn-kube-prometheus
