apiVersion: policy/v1beta1
kind: PodDisruptionBudget
metadata:
  annotations:
    source: https://github.com/projectsyn/component-syn-kube-prometheus
  labels:
    app.kubernetes.io/component: alert-router
    app.kubernetes.io/managed-by: commodore
    app.kubernetes.io/name: alertmanager
    app.kubernetes.io/part-of: syn
    app.kubernetes.io/version: 0.22.2
  name: alertmanager-alertmanager-syn-kube-prometheus
  namespace: syn-kube-prometheus
spec:
  maxUnavailable: 1
  selector:
    matchLabels:
      alertmanager: alertmanager-syn-kube-prometheus
      app.kubernetes.io/component: alert-router
      app.kubernetes.io/name: alertmanager
      app.kubernetes.io/part-of: kube-prometheus
