apiVersion: v1
data:
  datasources.yaml: ewogICAgImFwaVZlcnNpb24iOiAxLAogICAgImRhdGFzb3VyY2VzIjogWwogICAgICAgIHsKICAgICAgICAgICAgImFjY2VzcyI6ICJwcm94eSIsCiAgICAgICAgICAgICJlZGl0YWJsZSI6IGZhbHNlLAogICAgICAgICAgICAibmFtZSI6ICJwcm9tZXRoZXVzIiwKICAgICAgICAgICAgIm9yZ0lkIjogMSwKICAgICAgICAgICAgInR5cGUiOiAicHJvbWV0aGV1cyIsCiAgICAgICAgICAgICJ1cmwiOiAiaHR0cDovL3Byb21ldGhldXMtazhzLnN5bi1rdWJlLXByb21ldGhldXMuc3ZjOjkwOTAiLAogICAgICAgICAgICAidmVyc2lvbiI6IDEKICAgICAgICB9CiAgICBdCn0=
kind: Secret
metadata:
  annotations:
    source: https://github.com/projectsyn/component-syn-kube-prometheus
  labels:
    app.kubernetes.io/component: grafana
    app.kubernetes.io/managed-by: commodore
    app.kubernetes.io/name: grafana-syn-kube-prometheus
    app.kubernetes.io/part-of: syn
    app.kubernetes.io/version: 8.1.1
  name: grafana-datasources
  namespace: syn-kube-prometheus
type: Opaque
