apiVersion: rbac.authorization.k8s.io/v1
kind: ClusterRole
metadata:
  annotations:
    source: https://github.com/projectsyn/component-syn-kube-prometheus
  labels:
    app.kubernetes.io/component: metrics-adapter
    app.kubernetes.io/managed-by: commodore
    app.kubernetes.io/name: prometheus-adapter
    app.kubernetes.io/part-of: syn
    app.kubernetes.io/version: 0.9.0
  name: prometheusadapter-syn-kube-prometheus
rules:
  - apiGroups:
      - ''
    resources:
      - nodes
      - namespaces
      - pods
      - services
    verbs:
      - get
      - list
      - watch
  - apiGroups:
      - policy
    resourceNames:
      - kube-prometheus-restricted
    resources:
      - podsecuritypolicies
    verbs:
      - use
