apiVersion: v1
kind: ServiceAccount
metadata:
  annotations:
    source: https://github.com/projectsyn/component-syn-kube-prometheus
  labels:
    app.kubernetes.io/component: exporter
    app.kubernetes.io/managed-by: commodore
    app.kubernetes.io/name: kubestatemetrics-default-instance
    app.kubernetes.io/part-of: kube-prometheus
    app.kubernetes.io/version: 2.1.1
  name: kubestatemetrics-default-instance
  namespace: syn-prometheus
