apiVersion: rbac.authorization.k8s.io/v1
kind: ClusterRoleBinding
metadata:
  labels:
    app.kubernetes.io/component: exporter
    app.kubernetes.io/name: kubestatemetrics-syn-kube-prometheus
    app.kubernetes.io/part-of: kube-prometheus
    app.kubernetes.io/version: 2.1.1
  name: kubestatemetrics-syn-kube-prometheus
roleRef:
  apiGroup: rbac.authorization.k8s.io
  kind: ClusterRole
  name: kubestatemetrics-syn-kube-prometheus
subjects:
  - kind: ServiceAccount
    name: kubestatemetrics-syn-kube-prometheus
    namespace: syn-kube-prometheus
