apiVersion: v1
kind: Service
metadata:
  labels:
    app.kubernetes.io/component: exporter
    app.kubernetes.io/name: kubestatemetrics-syn-kube-prometheus
    app.kubernetes.io/part-of: kube-prometheus
    app.kubernetes.io/version: 2.1.1
  name: kubestatemetrics-syn-kube-prometheus
  namespace: syn-kube-prometheus
spec:
  clusterIP: None
  ports:
    - name: https-main
      port: 8443
      targetPort: https-main
    - name: https-self
      port: 9443
      targetPort: https-self
  selector:
    app.kubernetes.io/component: exporter
    app.kubernetes.io/name: kubestatemetrics-syn-kube-prometheus
    app.kubernetes.io/part-of: kube-prometheus
