apiVersion: v1
data: {}
kind: Secret
metadata:
  annotations: {}
  labels:
    name: thanos-objstore-config-2
  name: thanos-objstore-config-2
  namespace: foo-bar
stringData:
  thanos: "type: s3\nconfig:\n  bucket: thanos2\n  endpoint: s4.example.com\n  access_key:\
    \ XXX\n  secret_key: XXX\n"
type: Opaque
