apiVersion: v1
kind: Namespace
metadata:
  annotations: {}
  labels:
    name: syn-not-prometheus
  name: syn-not-prometheus
