apiVersion: v1
kind: ServiceAccount
metadata:
  name: grafana
  namespace: kubernetes_1.21
