apiVersion: v1
kind: Secret
metadata:
  annotations:
    source: https://github.com/projectsyn/component-syn-kube-prometheus
  labels:
    app.kubernetes.io/component: grafana
    app.kubernetes.io/managed-by: commodore
    app.kubernetes.io/name: grafana-default-instance
    app.kubernetes.io/part-of: syn
    app.kubernetes.io/version: 8.3.3
  name: grafana-config
  namespace: syn-prometheus
stringData:
  grafana.ini: '[date_formats]

    default_timezone = UTC

    '
type: Opaque
